ARM Linker, 5.03 [Build 76] [MDK-ARM Lite]

==============================================================================

Section Cross References

    startup_stm32f10x_md.o(RESET) refers to startup_stm32f10x_md.o(STACK) for __initial_sp
    startup_stm32f10x_md.o(RESET) refers to startup_stm32f10x_md.o(.text) for Reset_Handler
    startup_stm32f10x_md.o(.text) refers to system_stm32f10x.o(.text) for SystemInit
    startup_stm32f10x_md.o(.text) refers to entry.o(.ARM.Collect$$$$00000000) for __main
    system_stm32f10x.o(.text) refers to system_stm32f10x.o(.data) for SystemCoreClock
    stm32f10x_rcc.o(.text) refers to stm32f10x_rcc.o(.data) for APBAHBPrescTable
    stm32f10x_adc.o(.text) refers to stm32f10x_rcc.o(.text) for RCC_APB2PeriphResetCmd
    stm32f10x_tim.o(.text) refers to stm32f10x_rcc.o(.text) for RCC_APB2PeriphResetCmd
    stm32f10x_gpio.o(.text) refers to stm32f10x_rcc.o(.text) for RCC_APB2PeriphResetCmd
    stm32f10x_usart.o(.text) refers to stm32f10x_rcc.o(.text) for RCC_APB2PeriphResetCmd
    stm32f1_adc.o(.text) refers to stm32f10x_rcc.o(.text) for RCC_AHBPeriphClockCmd
    stm32f1_adc.o(.text) refers to stm32f10x_gpio.o(.text) for GPIO_Init
    stm32f1_adc.o(.text) refers to stm32f10x_dma.o(.text) for DMA_DeInit
    stm32f1_adc.o(.text) refers to stm32f10x_adc.o(.text) for ADC_Init
    stm32f1_adc.o(.text) refers to stm32f1_adc.o(.bss) for ADC_DMA_Buf
    stm32f1_usart.o(.text) refers to stm32f10x_usart.o(.text) for USART_SendData
    stm32f1_usart.o(.text) refers to memseta.o(.text) for __aeabi_memclr4
    experiment_stm32f1.o(.text) refers to stm32f10x_rcc.o(.text) for RCC_APB1PeriphClockCmd
    experiment_stm32f1.o(.text) refers to stm32f10x_gpio.o(.text) for GPIO_Init
    experiment_stm32f1.o(.text) refers to stm32f10x_tim.o(.text) for TIM_DeInit
    experiment_stm32f1.o(.text) refers to system_stm32f10x.o(.text) for SystemInit
    experiment_stm32f1.o(.text) refers to module_rs232.o(.text) for RS232_Config
    experiment_stm32f1.o(.text) refers to stm32f1_adc.o(.text) for ADC_Config
    experiment_stm32f1.o(.text) refers to ffltui.o(.text) for __aeabi_ui2f
    experiment_stm32f1.o(.text) refers to fflti.o(.text) for __aeabi_i2f
    experiment_stm32f1.o(.text) refers to fdiv.o(.text) for __aeabi_fdiv
    experiment_stm32f1.o(.text) refers to fadd.o(.text) for __aeabi_frsub
    experiment_stm32f1.o(.text) refers to fmul.o(.text) for __aeabi_fmul
    experiment_stm32f1.o(.text) refers to ffixui.o(.text) for __aeabi_f2uiz
    experiment_stm32f1.o(.text) refers to stm32f1_delay.o(.text) for Delay_10ms
    experiment_stm32f1.o(.text) refers to experiment_stm32f1.o(.data) for ADC_AveTr
    module_rs232.o(.text) refers to stm32f10x_rcc.o(.text) for RCC_APB2PeriphClockCmd
    module_rs232.o(.text) refers to stm32f10x_gpio.o(.text) for GPIO_Init
    module_rs232.o(.text) refers to stm32f10x_usart.o(.text) for USART_Init
    module_rs232.o(.text) refers to stm32f1_usart.o(.text) for USART_SendByte
    entry.o(.ARM.Collect$$$$00000000) refers (Special) to entry10a.o(.ARM.Collect$$$$0000000D) for __rt_final_cpp
    entry.o(.ARM.Collect$$$$00000000) refers (Special) to entry11a.o(.ARM.Collect$$$$0000000F) for __rt_final_exit
    entry.o(.ARM.Collect$$$$00000000) refers (Special) to entry7b.o(.ARM.Collect$$$$00000008) for _main_clock
    entry.o(.ARM.Collect$$$$00000000) refers (Special) to entry8b.o(.ARM.Collect$$$$0000000A) for _main_cpp_init
    entry.o(.ARM.Collect$$$$00000000) refers (Special) to entry9a.o(.ARM.Collect$$$$0000000B) for _main_init
    entry.o(.ARM.Collect$$$$00000000) refers (Special) to entry5.o(.ARM.Collect$$$$00000004) for _main_scatterload
    entry.o(.ARM.Collect$$$$00000000) refers (Special) to entry2.o(.ARM.Collect$$$$00000001) for _main_stk
    fadd.o(.text) refers (Special) to iusefp.o(.text) for __I$use$fp
    fadd.o(.text) refers to fepilogue.o(.text) for _float_epilogue
    fmul.o(.text) refers (Special) to iusefp.o(.text) for __I$use$fp
    fdiv.o(.text) refers (Special) to iusefp.o(.text) for __I$use$fp
    fdiv.o(.text) refers to fepilogue.o(.text) for _float_round
    fflti.o(.text) refers (Special) to iusefp.o(.text) for __I$use$fp
    fflti.o(.text) refers to fepilogue.o(.text) for _float_epilogue
    ffltui.o(.text) refers (Special) to iusefp.o(.text) for __I$use$fp
    ffltui.o(.text) refers to fepilogue.o(.text) for _float_epilogue
    ffixui.o(.text) refers (Special) to iusefp.o(.text) for __I$use$fp
    entry2.o(.ARM.Collect$$$$00000001) refers to entry2.o(.ARM.Collect$$$$00002712) for __lit__00000000
    entry2.o(.ARM.Collect$$$$00002712) refers to startup_stm32f10x_md.o(STACK) for __initial_sp
    entry2.o(__vectab_stack_and_reset_area) refers to startup_stm32f10x_md.o(STACK) for __initial_sp
    entry2.o(__vectab_stack_and_reset_area) refers to entry.o(.ARM.Collect$$$$00000000) for __main
    entry5.o(.ARM.Collect$$$$00000004) refers to init.o(.text) for __scatterload
    entry9a.o(.ARM.Collect$$$$0000000B) refers to experiment_stm32f1.o(.text) for main
    entry9b.o(.ARM.Collect$$$$0000000C) refers to experiment_stm32f1.o(.text) for main
    init.o(.text) refers to entry5.o(.ARM.Collect$$$$00000004) for __main_after_scatterload


==============================================================================

Removing Unused input sections from the image.

    Removing startup_stm32f10x_md.o(HEAP), (512 bytes).

1 unused section(s) (total 512 bytes) removed from the image.

==============================================================================

Image Symbol Table

    Local Symbols

    Symbol Name                              Value     Ov Type        Size  Object(Section)

    ../clib/microlib/init/entry.s            0x00000000   Number         0  entry11b.o ABSOLUTE
    ../clib/microlib/init/entry.s            0x00000000   Number         0  entry10a.o ABSOLUTE
    ../clib/microlib/init/entry.s            0x00000000   Number         0  entry11a.o ABSOLUTE
    ../clib/microlib/init/entry.s            0x00000000   Number         0  entry10b.o ABSOLUTE
    ../clib/microlib/init/entry.s            0x00000000   Number         0  entry9b.o ABSOLUTE
    ../clib/microlib/init/entry.s            0x00000000   Number         0  entry2.o ABSOLUTE
    ../clib/microlib/init/entry.s            0x00000000   Number         0  entry9a.o ABSOLUTE
    ../clib/microlib/init/entry.s            0x00000000   Number         0  entry5.o ABSOLUTE
    ../clib/microlib/init/entry.s            0x00000000   Number         0  entry7a.o ABSOLUTE
    ../clib/microlib/init/entry.s            0x00000000   Number         0  entry8b.o ABSOLUTE
    ../clib/microlib/init/entry.s            0x00000000   Number         0  entry8a.o ABSOLUTE
    ../clib/microlib/init/entry.s            0x00000000   Number         0  entry7b.o ABSOLUTE
    ../clib/microlib/init/entry.s            0x00000000   Number         0  entry.o ABSOLUTE
    ../clib/microlib/string/memset.c         0x00000000   Number         0  memseta.o ABSOLUTE
    ../clib/microlib/stubs.s                 0x00000000   Number         0  iusefp.o ABSOLUTE
    ../fplib/microlib/fpadd.c                0x00000000   Number         0  fadd.o ABSOLUTE
    ../fplib/microlib/fpdiv.c                0x00000000   Number         0  fdiv.o ABSOLUTE
    ../fplib/microlib/fpepilogue.c           0x00000000   Number         0  fepilogue.o ABSOLUTE
    ../fplib/microlib/fpfix.c                0x00000000   Number         0  ffixui.o ABSOLUTE
    ../fplib/microlib/fpflt.c                0x00000000   Number         0  ffltui.o ABSOLUTE
    ../fplib/microlib/fpflt.c                0x00000000   Number         0  fflti.o ABSOLUTE
    ../fplib/microlib/fpmul.c                0x00000000   Number         0  fmul.o ABSOLUTE
    ..\Libraries\CMSIS\startup_stm32f10x_md.s 0x00000000   Number         0  startup_stm32f10x_md.o ABSOLUTE
    ..\Libraries\CMSIS\system_stm32f10x.c    0x00000000   Number         0  system_stm32f10x.o ABSOLUTE
    ..\Libraries\STM32F10x_StdPeriph_Driver\src\stm32f10x_adc.c 0x00000000   Number         0  stm32f10x_adc.o ABSOLUTE
    ..\Libraries\STM32F10x_StdPeriph_Driver\src\stm32f10x_dma.c 0x00000000   Number         0  stm32f10x_dma.o ABSOLUTE
    ..\Libraries\STM32F10x_StdPeriph_Driver\src\stm32f10x_gpio.c 0x00000000   Number         0  stm32f10x_gpio.o ABSOLUTE
    ..\Libraries\STM32F10x_StdPeriph_Driver\src\stm32f10x_rcc.c 0x00000000   Number         0  stm32f10x_rcc.o ABSOLUTE
    ..\Libraries\STM32F10x_StdPeriph_Driver\src\stm32f10x_tim.c 0x00000000   Number         0  stm32f10x_tim.o ABSOLUTE
    ..\Libraries\STM32F10x_StdPeriph_Driver\src\stm32f10x_usart.c 0x00000000   Number         0  stm32f10x_usart.o ABSOLUTE
    ..\Program\experiment_stm32f1.c          0x00000000   Number         0  experiment_stm32f1.o ABSOLUTE
    ..\Program\module_rs232.c                0x00000000   Number         0  module_rs232.o ABSOLUTE
    ..\Program\stm32f1_adc.c                 0x00000000   Number         0  stm32f1_adc.o ABSOLUTE
    ..\Program\stm32f1_delay.c               0x00000000   Number         0  stm32f1_delay.o ABSOLUTE
    ..\Program\stm32f1_system.c              0x00000000   Number         0  stm32f1_system.o ABSOLUTE
    ..\Program\stm32f1_usart.c               0x00000000   Number         0  stm32f1_usart.o ABSOLUTE
    dc.s                                     0x00000000   Number         0  dc.o ABSOLUTE
    handlers.s                               0x00000000   Number         0  handlers.o ABSOLUTE
    init.s                                   0x00000000   Number         0  init.o ABSOLUTE
    RESET                                    0x08000000   Section      236  startup_stm32f10x_md.o(RESET)
    .ARM.Collect$$$$00000000                 0x080000ec   Section        0  entry.o(.ARM.Collect$$$$00000000)
    .ARM.Collect$$$$00000001                 0x080000ec   Section        4  entry2.o(.ARM.Collect$$$$00000001)
    .ARM.Collect$$$$00000004                 0x080000f0   Section        4  entry5.o(.ARM.Collect$$$$00000004)
    .ARM.Collect$$$$00000008                 0x080000f4   Section        0  entry7b.o(.ARM.Collect$$$$00000008)
    .ARM.Collect$$$$0000000A                 0x080000f4   Section        0  entry8b.o(.ARM.Collect$$$$0000000A)
    .ARM.Collect$$$$0000000B                 0x080000f4   Section        8  entry9a.o(.ARM.Collect$$$$0000000B)
    .ARM.Collect$$$$0000000D                 0x080000fc   Section        0  entry10a.o(.ARM.Collect$$$$0000000D)
    .ARM.Collect$$$$0000000F                 0x080000fc   Section        0  entry11a.o(.ARM.Collect$$$$0000000F)
    .ARM.Collect$$$$00002712                 0x080000fc   Section        4  entry2.o(.ARM.Collect$$$$00002712)
    __lit__00000000                          0x080000fc   Data           4  entry2.o(.ARM.Collect$$$$00002712)
    .text                                    0x08000100   Section       36  startup_stm32f10x_md.o(.text)
    .text                                    0x08000124   Section        0  system_stm32f10x.o(.text)
    SetSysClockTo72                          0x08000125   Thumb Code   212  system_stm32f10x.o(.text)
    SetSysClock                              0x080001f9   Thumb Code     8  system_stm32f10x.o(.text)
    .text                                    0x08000300   Section        0  stm32f10x_rcc.o(.text)
    .text                                    0x080006a4   Section        0  stm32f10x_dma.o(.text)
    .text                                    0x080008f4   Section        0  stm32f10x_adc.o(.text)
    .text                                    0x08000d44   Section        0  stm32f10x_tim.o(.text)
    TI4_Config                               0x080011eb   Thumb Code   130  stm32f10x_tim.o(.text)
    TI3_Config                               0x0800127f   Thumb Code   122  stm32f10x_tim.o(.text)
    TI2_Config                               0x08001313   Thumb Code   130  stm32f10x_tim.o(.text)
    TI1_Config                               0x080013a7   Thumb Code   108  stm32f10x_tim.o(.text)
    .text                                    0x08001b60   Section        0  stm32f10x_gpio.o(.text)
    .text                                    0x08001eb8   Section        0  stm32f10x_usart.o(.text)
    .text                                    0x080022c0   Section        0  stm32f1_delay.o(.text)
    .text                                    0x08002354   Section        0  stm32f1_adc.o(.text)
    .text                                    0x080024c8   Section        0  stm32f1_usart.o(.text)
    .text                                    0x080026b8   Section        0  experiment_stm32f1.o(.text)
    .text                                    0x080028e4   Section        0  module_rs232.o(.text)
    RS232_VisualScope_CRC16                  0x08002973   Thumb Code    58  module_rs232.o(.text)
    .text                                    0x080029fc   Section        0  memseta.o(.text)
    .text                                    0x08002a20   Section        0  fadd.o(.text)
    .text                                    0x08002ad0   Section        0  fmul.o(.text)
    .text                                    0x08002b3c   Section        0  fdiv.o(.text)
    .text                                    0x08002bbc   Section        0  fflti.o(.text)
    .text                                    0x08002bce   Section        0  ffltui.o(.text)
    .text                                    0x08002bd8   Section        0  ffixui.o(.text)
    .text                                    0x08002c00   Section        0  iusefp.o(.text)
    .text                                    0x08002c00   Section        0  fepilogue.o(.text)
    .text                                    0x08002c6c   Section       36  init.o(.text)
    i.__scatterload_copy                     0x08002c90   Section       14  handlers.o(i.__scatterload_copy)
    i.__scatterload_null                     0x08002c9e   Section        2  handlers.o(i.__scatterload_null)
    i.__scatterload_zeroinit                 0x08002ca0   Section       14  handlers.o(i.__scatterload_zeroinit)
    .data                                    0x20000000   Section       20  system_stm32f10x.o(.data)
    .data                                    0x20000014   Section       20  stm32f10x_rcc.o(.data)
    APBAHBPrescTable                         0x20000014   Data          16  stm32f10x_rcc.o(.data)
    ADCPrescTable                            0x20000024   Data           4  stm32f10x_rcc.o(.data)
    .data                                    0x20000028   Section        8  experiment_stm32f1.o(.data)
    .bss                                     0x20000030   Section      512  stm32f1_adc.o(.bss)
    STACK                                    0x20000230   Section     1024  startup_stm32f10x_md.o(STACK)

    Global Symbols

    Symbol Name                              Value     Ov Type        Size  Object(Section)

    BuildAttributes$$THM_ISAv4$P$D$K$B$S$PE$A:L22UL41UL21$X:L11$S22US41US21$IEEE1$IW$USESV6$~STKCKD$USESV7$~SHL$OTIME$ROPI$EBA8$MICROLIB$REQ8$PRES8$EABIv2 0x00000000   Number         0  anon$$obj.o ABSOLUTE
    __ARM_use_no_argv                        0x00000000   Number         0  experiment_stm32f1.o ABSOLUTE
    __cpp_initialize__aeabi_                  - Undefined Weak Reference
    __cxa_finalize                            - Undefined Weak Reference
    __decompress                              - Undefined Weak Reference
    _clock_init                               - Undefined Weak Reference
    _microlib_exit                            - Undefined Weak Reference
    __Vectors_Size                           0x000000ec   Number         0  startup_stm32f10x_md.o ABSOLUTE
    __Vectors                                0x08000000   Data           4  startup_stm32f10x_md.o(RESET)
    __Vectors_End                            0x080000ec   Data           0  startup_stm32f10x_md.o(RESET)
    __main                                   0x080000ed   Thumb Code     0  entry.o(.ARM.Collect$$$$00000000)
    _main_stk                                0x080000ed   Thumb Code     0  entry2.o(.ARM.Collect$$$$00000001)
    _main_scatterload                        0x080000f1   Thumb Code     0  entry5.o(.ARM.Collect$$$$00000004)
    __main_after_scatterload                 0x080000f5   Thumb Code     0  entry5.o(.ARM.Collect$$$$00000004)
    _main_clock                              0x080000f5   Thumb Code     0  entry7b.o(.ARM.Collect$$$$00000008)
    _main_cpp_init                           0x080000f5   Thumb Code     0  entry8b.o(.ARM.Collect$$$$0000000A)
    _main_init                               0x080000f5   Thumb Code     0  entry9a.o(.ARM.Collect$$$$0000000B)
    __rt_final_cpp                           0x080000fd   Thumb Code     0  entry10a.o(.ARM.Collect$$$$0000000D)
    __rt_final_exit                          0x080000fd   Thumb Code     0  entry11a.o(.ARM.Collect$$$$0000000F)
    Reset_Handler                            0x08000101   Thumb Code     8  startup_stm32f10x_md.o(.text)
    NMI_Handler                              0x08000109   Thumb Code     2  startup_stm32f10x_md.o(.text)
    HardFault_Handler                        0x0800010b   Thumb Code     2  startup_stm32f10x_md.o(.text)
    MemManage_Handler                        0x0800010d   Thumb Code     2  startup_stm32f10x_md.o(.text)
    BusFault_Handler                         0x0800010f   Thumb Code     2  startup_stm32f10x_md.o(.text)
    UsageFault_Handler                       0x08000111   Thumb Code     2  startup_stm32f10x_md.o(.text)
    SVC_Handler                              0x08000113   Thumb Code     2  startup_stm32f10x_md.o(.text)
    DebugMon_Handler                         0x08000115   Thumb Code     2  startup_stm32f10x_md.o(.text)
    PendSV_Handler                           0x08000117   Thumb Code     2  startup_stm32f10x_md.o(.text)
    SysTick_Handler                          0x08000119   Thumb Code     2  startup_stm32f10x_md.o(.text)
    ADC1_2_IRQHandler                        0x0800011b   Thumb Code     0  startup_stm32f10x_md.o(.text)
    CAN1_RX1_IRQHandler                      0x0800011b   Thumb Code     0  startup_stm32f10x_md.o(.text)
    CAN1_SCE_IRQHandler                      0x0800011b   Thumb Code     0  startup_stm32f10x_md.o(.text)
    DMA1_Channel1_IRQHandler                 0x0800011b   Thumb Code     0  startup_stm32f10x_md.o(.text)
    DMA1_Channel2_IRQHandler                 0x0800011b   Thumb Code     0  startup_stm32f10x_md.o(.text)
    DMA1_Channel3_IRQHandler                 0x0800011b   Thumb Code     0  startup_stm32f10x_md.o(.text)
    DMA1_Channel4_IRQHandler                 0x0800011b   Thumb Code     0  startup_stm32f10x_md.o(.text)
    DMA1_Channel5_IRQHandler                 0x0800011b   Thumb Code     0  startup_stm32f10x_md.o(.text)
    DMA1_Channel6_IRQHandler                 0x0800011b   Thumb Code     0  startup_stm32f10x_md.o(.text)
    DMA1_Channel7_IRQHandler                 0x0800011b   Thumb Code     0  startup_stm32f10x_md.o(.text)
    EXTI0_IRQHandler                         0x0800011b   Thumb Code     0  startup_stm32f10x_md.o(.text)
    EXTI15_10_IRQHandler                     0x0800011b   Thumb Code     0  startup_stm32f10x_md.o(.text)
    EXTI1_IRQHandler                         0x0800011b   Thumb Code     0  startup_stm32f10x_md.o(.text)
    EXTI2_IRQHandler                         0x0800011b   Thumb Code     0  startup_stm32f10x_md.o(.text)
    EXTI3_IRQHandler                         0x0800011b   Thumb Code     0  startup_stm32f10x_md.o(.text)
    EXTI4_IRQHandler                         0x0800011b   Thumb Code     0  startup_stm32f10x_md.o(.text)
    EXTI9_5_IRQHandler                       0x0800011b   Thumb Code     0  startup_stm32f10x_md.o(.text)
    FLASH_IRQHandler                         0x0800011b   Thumb Code     0  startup_stm32f10x_md.o(.text)
    I2C1_ER_IRQHandler                       0x0800011b   Thumb Code     0  startup_stm32f10x_md.o(.text)
    I2C1_EV_IRQHandler                       0x0800011b   Thumb Code     0  startup_stm32f10x_md.o(.text)
    I2C2_ER_IRQHandler                       0x0800011b   Thumb Code     0  startup_stm32f10x_md.o(.text)
    I2C2_EV_IRQHandler                       0x0800011b   Thumb Code     0  startup_stm32f10x_md.o(.text)
    PVD_IRQHandler                           0x0800011b   Thumb Code     0  startup_stm32f10x_md.o(.text)
    RCC_IRQHandler                           0x0800011b   Thumb Code     0  startup_stm32f10x_md.o(.text)
    RTCAlarm_IRQHandler                      0x0800011b   Thumb Code     0  startup_stm32f10x_md.o(.text)
    RTC_IRQHandler                           0x0800011b   Thumb Code     0  startup_stm32f10x_md.o(.text)
    SPI1_IRQHandler                          0x0800011b   Thumb Code     0  startup_stm32f10x_md.o(.text)
    SPI2_IRQHandler                          0x0800011b   Thumb Code     0  startup_stm32f10x_md.o(.text)
    TAMPER_IRQHandler                        0x0800011b   Thumb Code     0  startup_stm32f10x_md.o(.text)
    TIM1_BRK_IRQHandler                      0x0800011b   Thumb Code     0  startup_stm32f10x_md.o(.text)
    TIM1_CC_IRQHandler                       0x0800011b   Thumb Code     0  startup_stm32f10x_md.o(.text)
    TIM1_TRG_COM_IRQHandler                  0x0800011b   Thumb Code     0  startup_stm32f10x_md.o(.text)
    TIM1_UP_IRQHandler                       0x0800011b   Thumb Code     0  startup_stm32f10x_md.o(.text)
    TIM2_IRQHandler                          0x0800011b   Thumb Code     0  startup_stm32f10x_md.o(.text)
    TIM3_IRQHandler                          0x0800011b   Thumb Code     0  startup_stm32f10x_md.o(.text)
    TIM4_IRQHandler                          0x0800011b   Thumb Code     0  startup_stm32f10x_md.o(.text)
    USART1_IRQHandler                        0x0800011b   Thumb Code     0  startup_stm32f10x_md.o(.text)
    USART2_IRQHandler                        0x0800011b   Thumb Code     0  startup_stm32f10x_md.o(.text)
    USART3_IRQHandler                        0x0800011b   Thumb Code     0  startup_stm32f10x_md.o(.text)
    USBWakeUp_IRQHandler                     0x0800011b   Thumb Code     0  startup_stm32f10x_md.o(.text)
    USB_HP_CAN1_TX_IRQHandler                0x0800011b   Thumb Code     0  startup_stm32f10x_md.o(.text)
    USB_LP_CAN1_RX0_IRQHandler               0x0800011b   Thumb Code     0  startup_stm32f10x_md.o(.text)
    WWDG_IRQHandler                          0x0800011b   Thumb Code     0  startup_stm32f10x_md.o(.text)
    SystemInit                               0x08000201   Thumb Code    78  system_stm32f10x.o(.text)
    SystemCoreClockUpdate                    0x0800024f   Thumb Code   142  system_stm32f10x.o(.text)
    RCC_DeInit                               0x08000301   Thumb Code    64  stm32f10x_rcc.o(.text)
    RCC_HSEConfig                            0x08000341   Thumb Code    70  stm32f10x_rcc.o(.text)
    RCC_GetFlagStatus                        0x08000387   Thumb Code    56  stm32f10x_rcc.o(.text)
    RCC_WaitForHSEStartUp                    0x080003bf   Thumb Code    56  stm32f10x_rcc.o(.text)
    RCC_AdjustHSICalibrationValue            0x080003f7   Thumb Code    20  stm32f10x_rcc.o(.text)
    RCC_HSICmd                               0x0800040b   Thumb Code     6  stm32f10x_rcc.o(.text)
    RCC_PLLConfig                            0x08000411   Thumb Code    24  stm32f10x_rcc.o(.text)
    RCC_PLLCmd                               0x08000429   Thumb Code     6  stm32f10x_rcc.o(.text)
    RCC_SYSCLKConfig                         0x0800042f   Thumb Code    18  stm32f10x_rcc.o(.text)
    RCC_GetSYSCLKSource                      0x08000441   Thumb Code    10  stm32f10x_rcc.o(.text)
    RCC_HCLKConfig                           0x0800044b   Thumb Code    18  stm32f10x_rcc.o(.text)
    RCC_PCLK1Config                          0x0800045d   Thumb Code    18  stm32f10x_rcc.o(.text)
    RCC_PCLK2Config                          0x0800046f   Thumb Code    20  stm32f10x_rcc.o(.text)
    RCC_ITConfig                             0x08000483   Thumb Code    26  stm32f10x_rcc.o(.text)
    RCC_USBCLKConfig                         0x0800049d   Thumb Code     6  stm32f10x_rcc.o(.text)
    RCC_ADCCLKConfig                         0x080004a3   Thumb Code    18  stm32f10x_rcc.o(.text)
    RCC_LSEConfig                            0x080004b5   Thumb Code    44  stm32f10x_rcc.o(.text)
    RCC_LSICmd                               0x080004e1   Thumb Code     6  stm32f10x_rcc.o(.text)
    RCC_RTCCLKConfig                         0x080004e7   Thumb Code    12  stm32f10x_rcc.o(.text)
    RCC_RTCCLKCmd                            0x080004f3   Thumb Code     8  stm32f10x_rcc.o(.text)
    RCC_GetClocksFreq                        0x080004fb   Thumb Code   192  stm32f10x_rcc.o(.text)
    RCC_AHBPeriphClockCmd                    0x080005bb   Thumb Code    26  stm32f10x_rcc.o(.text)
    RCC_APB2PeriphClockCmd                   0x080005d5   Thumb Code    26  stm32f10x_rcc.o(.text)
    RCC_APB1PeriphClockCmd                   0x080005ef   Thumb Code    26  stm32f10x_rcc.o(.text)
    RCC_APB2PeriphResetCmd                   0x08000609   Thumb Code    26  stm32f10x_rcc.o(.text)
    RCC_APB1PeriphResetCmd                   0x08000623   Thumb Code    26  stm32f10x_rcc.o(.text)
    RCC_BackupResetCmd                       0x0800063d   Thumb Code     8  stm32f10x_rcc.o(.text)
    RCC_ClockSecuritySystemCmd               0x08000645   Thumb Code     6  stm32f10x_rcc.o(.text)
    RCC_MCOConfig                            0x0800064b   Thumb Code     6  stm32f10x_rcc.o(.text)
    RCC_ClearFlag                            0x08000651   Thumb Code    14  stm32f10x_rcc.o(.text)
    RCC_GetITStatus                          0x0800065f   Thumb Code    20  stm32f10x_rcc.o(.text)
    RCC_ClearITPendingBit                    0x08000673   Thumb Code     6  stm32f10x_rcc.o(.text)
    DMA_DeInit                               0x080006a5   Thumb Code   324  stm32f10x_dma.o(.text)
    DMA_Init                                 0x080007e9   Thumb Code    60  stm32f10x_dma.o(.text)
    DMA_StructInit                           0x08000825   Thumb Code    26  stm32f10x_dma.o(.text)
    DMA_Cmd                                  0x0800083f   Thumb Code    24  stm32f10x_dma.o(.text)
    DMA_ITConfig                             0x08000857   Thumb Code    18  stm32f10x_dma.o(.text)
    DMA_SetCurrDataCounter                   0x08000869   Thumb Code     4  stm32f10x_dma.o(.text)
    DMA_GetCurrDataCounter                   0x0800086d   Thumb Code     8  stm32f10x_dma.o(.text)
    DMA_GetFlagStatus                        0x08000875   Thumb Code    38  stm32f10x_dma.o(.text)
    DMA_ClearFlag                            0x0800089b   Thumb Code    22  stm32f10x_dma.o(.text)
    DMA_GetITStatus                          0x080008b1   Thumb Code    38  stm32f10x_dma.o(.text)
    DMA_ClearITPendingBit                    0x080008d7   Thumb Code    22  stm32f10x_dma.o(.text)
    ADC_DeInit                               0x080008f5   Thumb Code    78  stm32f10x_adc.o(.text)
    ADC_Init                                 0x08000943   Thumb Code    70  stm32f10x_adc.o(.text)
    ADC_StructInit                           0x08000989   Thumb Code    18  stm32f10x_adc.o(.text)
    ADC_Cmd                                  0x0800099b   Thumb Code    22  stm32f10x_adc.o(.text)
    ADC_DMACmd                               0x080009b1   Thumb Code    22  stm32f10x_adc.o(.text)
    ADC_ITConfig                             0x080009c7   Thumb Code    24  stm32f10x_adc.o(.text)
    ADC_ResetCalibration                     0x080009df   Thumb Code    10  stm32f10x_adc.o(.text)
    ADC_GetResetCalibrationStatus            0x080009e9   Thumb Code    20  stm32f10x_adc.o(.text)
    ADC_StartCalibration                     0x080009fd   Thumb Code    10  stm32f10x_adc.o(.text)
    ADC_GetCalibrationStatus                 0x08000a07   Thumb Code    20  stm32f10x_adc.o(.text)
    ADC_SoftwareStartConvCmd                 0x08000a1b   Thumb Code    22  stm32f10x_adc.o(.text)
    ADC_GetSoftwareStartConvStatus           0x08000a31   Thumb Code    20  stm32f10x_adc.o(.text)
    ADC_DiscModeChannelCountConfig           0x08000a45   Thumb Code    24  stm32f10x_adc.o(.text)
    ADC_DiscModeCmd                          0x08000a5d   Thumb Code    22  stm32f10x_adc.o(.text)
    ADC_RegularChannelConfig                 0x08000a73   Thumb Code   184  stm32f10x_adc.o(.text)
    ADC_ExternalTrigConvCmd                  0x08000b2b   Thumb Code    22  stm32f10x_adc.o(.text)
    ADC_GetConversionValue                   0x08000b41   Thumb Code     8  stm32f10x_adc.o(.text)
    ADC_GetDualModeConversionValue           0x08000b49   Thumb Code     8  stm32f10x_adc.o(.text)
    ADC_AutoInjectedConvCmd                  0x08000b51   Thumb Code    22  stm32f10x_adc.o(.text)
    ADC_InjectedDiscModeCmd                  0x08000b67   Thumb Code    22  stm32f10x_adc.o(.text)
    ADC_ExternalTrigInjectedConvConfig       0x08000b7d   Thumb Code    16  stm32f10x_adc.o(.text)
    ADC_ExternalTrigInjectedConvCmd          0x08000b8d   Thumb Code    22  stm32f10x_adc.o(.text)
    ADC_SoftwareStartInjectedConvCmd         0x08000ba3   Thumb Code    22  stm32f10x_adc.o(.text)
    ADC_GetSoftwareStartInjectedConvCmdStatus 0x08000bb9   Thumb Code    20  stm32f10x_adc.o(.text)
    ADC_InjectedChannelConfig                0x08000bcd   Thumb Code   130  stm32f10x_adc.o(.text)
    ADC_InjectedSequencerLengthConfig        0x08000c4f   Thumb Code    24  stm32f10x_adc.o(.text)
    ADC_SetInjectedOffset                    0x08000c67   Thumb Code    20  stm32f10x_adc.o(.text)
    ADC_GetInjectedConversionValue           0x08000c7b   Thumb Code    28  stm32f10x_adc.o(.text)
    ADC_AnalogWatchdogCmd                    0x08000c97   Thumb Code    16  stm32f10x_adc.o(.text)
    ADC_AnalogWatchdogThresholdsConfig       0x08000ca7   Thumb Code     6  stm32f10x_adc.o(.text)
    ADC_AnalogWatchdogSingleChannelConfig    0x08000cad   Thumb Code    16  stm32f10x_adc.o(.text)
    ADC_TempSensorVrefintCmd                 0x08000cbd   Thumb Code    64  stm32f10x_adc.o(.text)
    ADC_GetFlagStatus                        0x08000cfd   Thumb Code    18  stm32f10x_adc.o(.text)
    ADC_ClearFlag                            0x08000d0f   Thumb Code     6  stm32f10x_adc.o(.text)
    ADC_GetITStatus                          0x08000d15   Thumb Code    36  stm32f10x_adc.o(.text)
    ADC_ClearITPendingBit                    0x08000d39   Thumb Code    10  stm32f10x_adc.o(.text)
    TIM_DeInit                               0x08000d45   Thumb Code   424  stm32f10x_tim.o(.text)
    TIM_TimeBaseInit                         0x08000eed   Thumb Code   122  stm32f10x_tim.o(.text)
    TIM_OC1Init                              0x08000f67   Thumb Code   132  stm32f10x_tim.o(.text)
    TIM_OC2Init                              0x08000feb   Thumb Code   154  stm32f10x_tim.o(.text)
    TIM_OC3Init                              0x08001085   Thumb Code   150  stm32f10x_tim.o(.text)
    TIM_OC4Init                              0x0800111b   Thumb Code   182  stm32f10x_tim.o(.text)
    TIM_SetIC4Prescaler                      0x080011d1   Thumb Code    26  stm32f10x_tim.o(.text)
    TIM_SetIC3Prescaler                      0x0800126d   Thumb Code    18  stm32f10x_tim.o(.text)
    TIM_SetIC2Prescaler                      0x080012f9   Thumb Code    26  stm32f10x_tim.o(.text)
    TIM_SetIC1Prescaler                      0x08001395   Thumb Code    18  stm32f10x_tim.o(.text)
    TIM_ICInit                               0x08001413   Thumb Code   150  stm32f10x_tim.o(.text)
    TIM_PWMIConfig                           0x080014a9   Thumb Code   124  stm32f10x_tim.o(.text)
    TIM_BDTRConfig                           0x08001525   Thumb Code    32  stm32f10x_tim.o(.text)
    TIM_TimeBaseStructInit                   0x08001545   Thumb Code    18  stm32f10x_tim.o(.text)
    TIM_OCStructInit                         0x08001557   Thumb Code    20  stm32f10x_tim.o(.text)
    TIM_ICStructInit                         0x0800156b   Thumb Code    18  stm32f10x_tim.o(.text)
    TIM_BDTRStructInit                       0x0800157d   Thumb Code    40  stm32f10x_tim.o(.text)
    TIM_Cmd                                  0x080015a5   Thumb Code    24  stm32f10x_tim.o(.text)
    TIM_CtrlPWMOutputs                       0x080015bd   Thumb Code    30  stm32f10x_tim.o(.text)
    TIM_ITConfig                             0x080015db   Thumb Code    18  stm32f10x_tim.o(.text)
    TIM_GenerateEvent                        0x080015ed   Thumb Code     4  stm32f10x_tim.o(.text)
    TIM_DMAConfig                            0x080015f1   Thumb Code    10  stm32f10x_tim.o(.text)
    TIM_DMACmd                               0x080015fb   Thumb Code    18  stm32f10x_tim.o(.text)
    TIM_InternalClockConfig                  0x0800160d   Thumb Code    12  stm32f10x_tim.o(.text)
    TIM_SelectInputTrigger                   0x08001619   Thumb Code    18  stm32f10x_tim.o(.text)
    TIM_ITRxExternalClockConfig              0x0800162b   Thumb Code    24  stm32f10x_tim.o(.text)
    TIM_TIxExternalClockConfig               0x08001643   Thumb Code    62  stm32f10x_tim.o(.text)
    TIM_ETRConfig                            0x08001681   Thumb Code    28  stm32f10x_tim.o(.text)
    TIM_ETRClockMode1Config                  0x0800169d   Thumb Code    54  stm32f10x_tim.o(.text)
    TIM_ETRClockMode2Config                  0x080016d3   Thumb Code    32  stm32f10x_tim.o(.text)
    TIM_PrescalerConfig                      0x080016f3   Thumb Code     6  stm32f10x_tim.o(.text)
    TIM_CounterModeConfig                    0x080016f9   Thumb Code    18  stm32f10x_tim.o(.text)
    TIM_EncoderInterfaceConfig               0x0800170b   Thumb Code    66  stm32f10x_tim.o(.text)
    TIM_ForcedOC1Config                      0x0800174d   Thumb Code    18  stm32f10x_tim.o(.text)
    TIM_ForcedOC2Config                      0x0800175f   Thumb Code    26  stm32f10x_tim.o(.text)
    TIM_ForcedOC3Config                      0x08001779   Thumb Code    18  stm32f10x_tim.o(.text)
    TIM_ForcedOC4Config                      0x0800178b   Thumb Code    26  stm32f10x_tim.o(.text)
    TIM_ARRPreloadConfig                     0x080017a5   Thumb Code    24  stm32f10x_tim.o(.text)
    TIM_SelectCOM                            0x080017bd   Thumb Code    24  stm32f10x_tim.o(.text)
    TIM_SelectCCDMA                          0x080017d5   Thumb Code    24  stm32f10x_tim.o(.text)
    TIM_CCPreloadControl                     0x080017ed   Thumb Code    24  stm32f10x_tim.o(.text)
    TIM_OC1PreloadConfig                     0x08001805   Thumb Code    18  stm32f10x_tim.o(.text)
    TIM_OC2PreloadConfig                     0x08001817   Thumb Code    26  stm32f10x_tim.o(.text)
    TIM_OC3PreloadConfig                     0x08001831   Thumb Code    18  stm32f10x_tim.o(.text)
    TIM_OC4PreloadConfig                     0x08001843   Thumb Code    26  stm32f10x_tim.o(.text)
    TIM_OC1FastConfig                        0x0800185d   Thumb Code    18  stm32f10x_tim.o(.text)
    TIM_OC2FastConfig                        0x0800186f   Thumb Code    26  stm32f10x_tim.o(.text)
    TIM_OC3FastConfig                        0x08001889   Thumb Code    18  stm32f10x_tim.o(.text)
    TIM_OC4FastConfig                        0x0800189b   Thumb Code    26  stm32f10x_tim.o(.text)
    TIM_ClearOC1Ref                          0x080018b5   Thumb Code    18  stm32f10x_tim.o(.text)
    TIM_ClearOC2Ref                          0x080018c7   Thumb Code    24  stm32f10x_tim.o(.text)
    TIM_ClearOC3Ref                          0x080018df   Thumb Code    18  stm32f10x_tim.o(.text)
    TIM_ClearOC4Ref                          0x080018f1   Thumb Code    24  stm32f10x_tim.o(.text)
    TIM_OC1PolarityConfig                    0x08001909   Thumb Code    18  stm32f10x_tim.o(.text)
    TIM_OC1NPolarityConfig                   0x0800191b   Thumb Code    18  stm32f10x_tim.o(.text)
    TIM_OC2PolarityConfig                    0x0800192d   Thumb Code    26  stm32f10x_tim.o(.text)
    TIM_OC2NPolarityConfig                   0x08001947   Thumb Code    26  stm32f10x_tim.o(.text)
    TIM_OC3PolarityConfig                    0x08001961   Thumb Code    26  stm32f10x_tim.o(.text)
    TIM_OC3NPolarityConfig                   0x0800197b   Thumb Code    26  stm32f10x_tim.o(.text)
    TIM_OC4PolarityConfig                    0x08001995   Thumb Code    26  stm32f10x_tim.o(.text)
    TIM_CCxCmd                               0x080019af   Thumb Code    30  stm32f10x_tim.o(.text)
    TIM_CCxNCmd                              0x080019cd   Thumb Code    30  stm32f10x_tim.o(.text)
    TIM_SelectOCxM                           0x080019eb   Thumb Code    82  stm32f10x_tim.o(.text)
    TIM_UpdateDisableConfig                  0x08001a3d   Thumb Code    24  stm32f10x_tim.o(.text)
    TIM_UpdateRequestConfig                  0x08001a55   Thumb Code    24  stm32f10x_tim.o(.text)
    TIM_SelectHallSensor                     0x08001a6d   Thumb Code    24  stm32f10x_tim.o(.text)
    TIM_SelectOnePulseMode                   0x08001a85   Thumb Code    18  stm32f10x_tim.o(.text)
    TIM_SelectOutputTrigger                  0x08001a97   Thumb Code    18  stm32f10x_tim.o(.text)
    TIM_SelectSlaveMode                      0x08001aa9   Thumb Code    18  stm32f10x_tim.o(.text)
    TIM_SelectMasterSlaveMode                0x08001abb   Thumb Code    18  stm32f10x_tim.o(.text)
    TIM_SetCounter                           0x08001acd   Thumb Code     4  stm32f10x_tim.o(.text)
    TIM_SetAutoreload                        0x08001ad1   Thumb Code     4  stm32f10x_tim.o(.text)
    TIM_SetCompare1                          0x08001ad5   Thumb Code     4  stm32f10x_tim.o(.text)
    TIM_SetCompare2                          0x08001ad9   Thumb Code     4  stm32f10x_tim.o(.text)
    TIM_SetCompare3                          0x08001add   Thumb Code     4  stm32f10x_tim.o(.text)
    TIM_SetCompare4                          0x08001ae1   Thumb Code     6  stm32f10x_tim.o(.text)
    TIM_SetClockDivision                     0x08001ae7   Thumb Code    18  stm32f10x_tim.o(.text)
    TIM_GetCapture1                          0x08001af9   Thumb Code     6  stm32f10x_tim.o(.text)
    TIM_GetCapture2                          0x08001aff   Thumb Code     6  stm32f10x_tim.o(.text)
    TIM_GetCapture3                          0x08001b05   Thumb Code     6  stm32f10x_tim.o(.text)
    TIM_GetCapture4                          0x08001b0b   Thumb Code     8  stm32f10x_tim.o(.text)
    TIM_GetCounter                           0x08001b13   Thumb Code     6  stm32f10x_tim.o(.text)
    TIM_GetPrescaler                         0x08001b19   Thumb Code     6  stm32f10x_tim.o(.text)
    TIM_GetFlagStatus                        0x08001b1f   Thumb Code    18  stm32f10x_tim.o(.text)
    TIM_ClearFlag                            0x08001b31   Thumb Code     6  stm32f10x_tim.o(.text)
    TIM_GetITStatus                          0x08001b37   Thumb Code    34  stm32f10x_tim.o(.text)
    TIM_ClearITPendingBit                    0x08001b59   Thumb Code     6  stm32f10x_tim.o(.text)
    GPIO_DeInit                              0x08001b61   Thumb Code   172  stm32f10x_gpio.o(.text)
    GPIO_AFIODeInit                          0x08001c0d   Thumb Code    20  stm32f10x_gpio.o(.text)
    GPIO_Init                                0x08001c21   Thumb Code   274  stm32f10x_gpio.o(.text)
    GPIO_StructInit                          0x08001d33   Thumb Code    16  stm32f10x_gpio.o(.text)
    GPIO_ReadInputDataBit                    0x08001d43   Thumb Code    18  stm32f10x_gpio.o(.text)
    GPIO_ReadInputData                       0x08001d55   Thumb Code     8  stm32f10x_gpio.o(.text)
    GPIO_ReadOutputDataBit                   0x08001d5d   Thumb Code    18  stm32f10x_gpio.o(.text)
    GPIO_ReadOutputData                      0x08001d6f   Thumb Code     8  stm32f10x_gpio.o(.text)
    GPIO_SetBits                             0x08001d77   Thumb Code     4  stm32f10x_gpio.o(.text)
    GPIO_ResetBits                           0x08001d7b   Thumb Code     4  stm32f10x_gpio.o(.text)
    GPIO_WriteBit                            0x08001d7f   Thumb Code    10  stm32f10x_gpio.o(.text)
    GPIO_Write                               0x08001d89   Thumb Code     4  stm32f10x_gpio.o(.text)
    GPIO_PinLockConfig                       0x08001d8d   Thumb Code    18  stm32f10x_gpio.o(.text)
    GPIO_EventOutputConfig                   0x08001d9f   Thumb Code    26  stm32f10x_gpio.o(.text)
    GPIO_EventOutputCmd                      0x08001db9   Thumb Code     6  stm32f10x_gpio.o(.text)
    GPIO_PinRemapConfig                      0x08001dbf   Thumb Code   138  stm32f10x_gpio.o(.text)
    GPIO_EXTILineConfig                      0x08001e49   Thumb Code    66  stm32f10x_gpio.o(.text)
    GPIO_ETH_MediaInterfaceConfig            0x08001e8b   Thumb Code     6  stm32f10x_gpio.o(.text)
    USART_DeInit                             0x08001eb9   Thumb Code   134  stm32f10x_usart.o(.text)
    USART_Init                               0x08001f3f   Thumb Code   210  stm32f10x_usart.o(.text)
    USART_StructInit                         0x08002011   Thumb Code    24  stm32f10x_usart.o(.text)
    USART_ClockInit                          0x08002029   Thumb Code    34  stm32f10x_usart.o(.text)
    USART_ClockStructInit                    0x0800204b   Thumb Code    12  stm32f10x_usart.o(.text)
    USART_Cmd                                0x08002057   Thumb Code    24  stm32f10x_usart.o(.text)
    USART_ITConfig                           0x0800206f   Thumb Code    74  stm32f10x_usart.o(.text)
    USART_DMACmd                             0x080020b9   Thumb Code    18  stm32f10x_usart.o(.text)
    USART_SetAddress                         0x080020cb   Thumb Code    18  stm32f10x_usart.o(.text)
    USART_WakeUpConfig                       0x080020dd   Thumb Code    18  stm32f10x_usart.o(.text)
    USART_ReceiverWakeUpCmd                  0x080020ef   Thumb Code    24  stm32f10x_usart.o(.text)
    USART_LINBreakDetectLengthConfig         0x08002107   Thumb Code    18  stm32f10x_usart.o(.text)
    USART_LINCmd                             0x08002119   Thumb Code    24  stm32f10x_usart.o(.text)
    USART_SendData                           0x08002131   Thumb Code     8  stm32f10x_usart.o(.text)
    USART_ReceiveData                        0x08002139   Thumb Code    10  stm32f10x_usart.o(.text)
    USART_SendBreak                          0x08002143   Thumb Code    10  stm32f10x_usart.o(.text)
    USART_SetGuardTime                       0x0800214d   Thumb Code    16  stm32f10x_usart.o(.text)
    USART_SetPrescaler                       0x0800215d   Thumb Code    16  stm32f10x_usart.o(.text)
    USART_SmartCardCmd                       0x0800216d   Thumb Code    24  stm32f10x_usart.o(.text)
    USART_SmartCardNACKCmd                   0x08002185   Thumb Code    24  stm32f10x_usart.o(.text)
    USART_HalfDuplexCmd                      0x0800219d   Thumb Code    24  stm32f10x_usart.o(.text)
    USART_OverSampling8Cmd                   0x080021b5   Thumb Code    22  stm32f10x_usart.o(.text)
    USART_OneBitMethodCmd                    0x080021cb   Thumb Code    24  stm32f10x_usart.o(.text)
    USART_IrDAConfig                         0x080021e3   Thumb Code    18  stm32f10x_usart.o(.text)
    USART_IrDACmd                            0x080021f5   Thumb Code    24  stm32f10x_usart.o(.text)
    USART_GetFlagStatus                      0x0800220d   Thumb Code    26  stm32f10x_usart.o(.text)
    USART_ClearFlag                          0x08002227   Thumb Code    18  stm32f10x_usart.o(.text)
    USART_GetITStatus                        0x08002239   Thumb Code    84  stm32f10x_usart.o(.text)
    USART_ClearITPendingBit                  0x0800228d   Thumb Code    52  stm32f10x_usart.o(.text)
    Delay_nop                                0x080022c1   Thumb Code    16  stm32f1_delay.o(.text)
    Delay_1us                                0x080022d1   Thumb Code    28  stm32f1_delay.o(.text)
    Delay_1ms                                0x080022ed   Thumb Code    30  stm32f1_delay.o(.text)
    Delay_10ms                               0x0800230b   Thumb Code    28  stm32f1_delay.o(.text)
    Delay_20ms                               0x08002327   Thumb Code    38  stm32f1_delay.o(.text)
    ADC_Config                               0x08002355   Thumb Code   284  stm32f1_adc.o(.text)
    ADC_Average                              0x08002471   Thumb Code    72  stm32f1_adc.o(.text)
    USART_SendByte                           0x080024c9   Thumb Code    38  stm32f1_usart.o(.text)
    USART_RecvByte                           0x080024ef   Thumb Code    42  stm32f1_usart.o(.text)
    NumToChar                                0x08002519   Thumb Code   414  stm32f1_usart.o(.text)
    PWM_Config                               0x080026b9   Thumb Code   218  experiment_stm32f1.o(.text)
    GPIO_Config                              0x08002793   Thumb Code    94  experiment_stm32f1.o(.text)
    main                                     0x080027f1   Thumb Code   200  experiment_stm32f1.o(.text)
    RS232_Config                             0x080028e5   Thumb Code   116  module_rs232.o(.text)
    RS232_Print                              0x08002959   Thumb Code    26  module_rs232.o(.text)
    RS232_VisualScope                        0x080029ad   Thumb Code    70  module_rs232.o(.text)
    __aeabi_memset                           0x080029fd   Thumb Code    14  memseta.o(.text)
    __aeabi_memset4                          0x080029fd   Thumb Code     0  memseta.o(.text)
    __aeabi_memset8                          0x080029fd   Thumb Code     0  memseta.o(.text)
    __aeabi_memclr                           0x08002a0b   Thumb Code     4  memseta.o(.text)
    __aeabi_memclr4                          0x08002a0b   Thumb Code     0  memseta.o(.text)
    __aeabi_memclr8                          0x08002a0b   Thumb Code     0  memseta.o(.text)
    _memset$wrapper                          0x08002a0f   Thumb Code    18  memseta.o(.text)
    __aeabi_fadd                             0x08002a21   Thumb Code   164  fadd.o(.text)
    __aeabi_fsub                             0x08002ac5   Thumb Code     6  fadd.o(.text)
    __aeabi_frsub                            0x08002acb   Thumb Code     6  fadd.o(.text)
    __aeabi_fmul                             0x08002ad1   Thumb Code   108  fmul.o(.text)
    __aeabi_fdiv                             0x08002b3d   Thumb Code   128  fdiv.o(.text)
    __aeabi_i2f                              0x08002bbd   Thumb Code    18  fflti.o(.text)
    __aeabi_ui2f                             0x08002bcf   Thumb Code    10  ffltui.o(.text)
    __aeabi_f2uiz                            0x08002bd9   Thumb Code    40  ffixui.o(.text)
    __I$use$fp                               0x08002c01   Thumb Code     0  iusefp.o(.text)
    _float_round                             0x08002c01   Thumb Code    18  fepilogue.o(.text)
    _float_epilogue                          0x08002c13   Thumb Code    90  fepilogue.o(.text)
    __scatterload                            0x08002c6d   Thumb Code    28  init.o(.text)
    __scatterload_rt2                        0x08002c6d   Thumb Code     0  init.o(.text)
    __scatterload_copy                       0x08002c91   Thumb Code    14  handlers.o(i.__scatterload_copy)
    __scatterload_null                       0x08002c9f   Thumb Code     2  handlers.o(i.__scatterload_null)
    __scatterload_zeroinit                   0x08002ca1   Thumb Code    14  handlers.o(i.__scatterload_zeroinit)
    Region$$Table$$Base                      0x08002cb0   Number         0  anon$$obj.o(Region$$Table)
    Region$$Table$$Limit                     0x08002cd0   Number         0  anon$$obj.o(Region$$Table)
    SystemCoreClock                          0x20000000   Data           4  system_stm32f10x.o(.data)
    AHBPrescTable                            0x20000004   Data          16  system_stm32f10x.o(.data)
    ADC_AveTr                                0x20000028   Data           8  experiment_stm32f1.o(.data)
    ADC_DMA_Buf                              0x20000030   Data         512  stm32f1_adc.o(.bss)
    __initial_sp                             0x20000630   Data           0  startup_stm32f10x_md.o(STACK)



==============================================================================

Memory Map of the image

  Image Entry point : 0x080000ed

  Load Region LR_IROM1 (Base: 0x08000000, Size: 0x00002d00, Max: 0x00010000, ABSOLUTE)

    Execution Region ER_IROM1 (Base: 0x08000000, Size: 0x00002cd0, Max: 0x00010000, ABSOLUTE)

    Base Addr    Size         Type   Attr      Idx    E Section Name        Object

    0x08000000   0x000000ec   Data   RO            3    RESET               startup_stm32f10x_md.o
    0x080000ec   0x00000000   Code   RO          229  * .ARM.Collect$$$$00000000  mc_w.l(entry.o)
    0x080000ec   0x00000004   Code   RO          246    .ARM.Collect$$$$00000001  mc_w.l(entry2.o)
    0x080000f0   0x00000004   Code   RO          249    .ARM.Collect$$$$00000004  mc_w.l(entry5.o)
    0x080000f4   0x00000000   Code   RO          251    .ARM.Collect$$$$00000008  mc_w.l(entry7b.o)
    0x080000f4   0x00000000   Code   RO          253    .ARM.Collect$$$$0000000A  mc_w.l(entry8b.o)
    0x080000f4   0x00000008   Code   RO          254    .ARM.Collect$$$$0000000B  mc_w.l(entry9a.o)
    0x080000fc   0x00000000   Code   RO          256    .ARM.Collect$$$$0000000D  mc_w.l(entry10a.o)
    0x080000fc   0x00000000   Code   RO          258    .ARM.Collect$$$$0000000F  mc_w.l(entry11a.o)
    0x080000fc   0x00000004   Code   RO          247    .ARM.Collect$$$$00002712  mc_w.l(entry2.o)
    0x08000100   0x00000024   Code   RO            4    .text               startup_stm32f10x_md.o
    0x08000124   0x000001dc   Code   RO           10    .text               system_stm32f10x.o
    0x08000300   0x000003a4   Code   RO           60    .text               stm32f10x_rcc.o
    0x080006a4   0x00000250   Code   RO           78    .text               stm32f10x_dma.o
    0x080008f4   0x0000044e   Code   RO           90    .text               stm32f10x_adc.o
    0x08000d42   0x00000002   PAD
    0x08000d44   0x00000e1a   Code   RO          102    .text               stm32f10x_tim.o
    0x08001b5e   0x00000002   PAD
    0x08001b60   0x00000358   Code   RO          114    .text               stm32f10x_gpio.o
    0x08001eb8   0x00000408   Code   RO          126    .text               stm32f10x_usart.o
    0x080022c0   0x00000094   Code   RO          150    .text               stm32f1_delay.o
    0x08002354   0x00000174   Code   RO          162    .text               stm32f1_adc.o
    0x080024c8   0x000001ee   Code   RO          180    .text               stm32f1_usart.o
    0x080026b6   0x00000002   PAD
    0x080026b8   0x0000022c   Code   RO          195    .text               experiment_stm32f1.o
    0x080028e4   0x00000118   Code   RO          217    .text               module_rs232.o
    0x080029fc   0x00000024   Code   RO          232    .text               mc_w.l(memseta.o)
    0x08002a20   0x000000b0   Code   RO          234    .text               mf_w.l(fadd.o)
    0x08002ad0   0x0000006c   Code   RO          236    .text               mf_w.l(fmul.o)
    0x08002b3c   0x00000080   Code   RO          238    .text               mf_w.l(fdiv.o)
    0x08002bbc   0x00000012   Code   RO          240    .text               mf_w.l(fflti.o)
    0x08002bce   0x0000000a   Code   RO          242    .text               mf_w.l(ffltui.o)
    0x08002bd8   0x00000028   Code   RO          244    .text               mf_w.l(ffixui.o)
    0x08002c00   0x00000000   Code   RO          260    .text               mc_w.l(iusefp.o)
    0x08002c00   0x0000006c   Code   RO          261    .text               mf_w.l(fepilogue.o)
    0x08002c6c   0x00000024   Code   RO          263    .text               mc_w.l(init.o)
    0x08002c90   0x0000000e   Code   RO          267    i.__scatterload_copy  mc_w.l(handlers.o)
    0x08002c9e   0x00000002   Code   RO          268    i.__scatterload_null  mc_w.l(handlers.o)
    0x08002ca0   0x0000000e   Code   RO          269    i.__scatterload_zeroinit  mc_w.l(handlers.o)
    0x08002cae   0x00000002   PAD
    0x08002cb0   0x00000020   Data   RO          265    Region$$Table       anon$$obj.o


    Execution Region RW_IRAM1 (Base: 0x20000000, Size: 0x00000630, Max: 0x00005000, ABSOLUTE)

    Base Addr    Size         Type   Attr      Idx    E Section Name        Object

    0x20000000   0x00000014   Data   RW           11    .data               system_stm32f10x.o
    0x20000014   0x00000014   Data   RW           61    .data               stm32f10x_rcc.o
    0x20000028   0x00000008   Data   RW          196    .data               experiment_stm32f1.o
    0x20000030   0x00000200   Zero   RW          163    .bss                stm32f1_adc.o
    0x20000230   0x00000400   Zero   RW            1    STACK               startup_stm32f10x_md.o


==============================================================================

Image component sizes


      Code (inc. data)   RO Data    RW Data    ZI Data      Debug   Object Name

       556         44          0          8          0       1950   experiment_stm32f1.o
       280         10          0          0          0       1753   module_rs232.o
        36          8        236          0       1024        824   startup_stm32f10x_md.o
      1102         26          0          0          0      10905   stm32f10x_adc.o
       592          8          0          0          0       4398   stm32f10x_dma.o
       856         40          0          0          0       5717   stm32f10x_gpio.o
       932         44          0         20          0       8888   stm32f10x_rcc.o
      3610         88          0          0          0      22204   stm32f10x_tim.o
      1032         22          0          0          0       8440   stm32f10x_usart.o
       372         16          0          0        512       1491   stm32f1_adc.o
       148          8          0          0          0       1210   stm32f1_delay.o
       494          0          0          0          0       1662   stm32f1_usart.o
       476         36          0         20          0     270307   system_stm32f10x.o

    ----------------------------------------------------------------------
     10492        350        268         48       1536     339749   Object Totals
         0          0         32          0          0          0   (incl. Generated)
         6          0          0          0          0          0   (incl. Padding)

    ----------------------------------------------------------------------

      Code (inc. data)   RO Data    RW Data    ZI Data      Debug   Library Member Name

         0          0          0          0          0          0   entry.o
         0          0          0          0          0          0   entry10a.o
         0          0          0          0          0          0   entry11a.o
         8          4          0          0          0          0   entry2.o
         4          0          0          0          0          0   entry5.o
         0          0          0          0          0          0   entry7b.o
         0          0          0          0          0          0   entry8b.o
         8          4          0          0          0          0   entry9a.o
        30          0          0          0          0          0   handlers.o
        36          8          0          0          0         68   init.o
         0          0          0          0          0          0   iusefp.o
        36          0          0          0          0        108   memseta.o
       176          0          0          0          0        140   fadd.o
       128          0          0          0          0         88   fdiv.o
       108          0          0          0          0        168   fepilogue.o
        40          0          0          0          0         68   ffixui.o
        18          0          0          0          0         68   fflti.o
        10          0          0          0          0         68   ffltui.o
       108          0          0          0          0         76   fmul.o

    ----------------------------------------------------------------------
       712         16          0          0          0        852   Library Totals
         2          0          0          0          0          0   (incl. Padding)

    ----------------------------------------------------------------------

      Code (inc. data)   RO Data    RW Data    ZI Data      Debug   Library Name

       122         16          0          0          0        176   mc_w.l
       588          0          0          0          0        676   mf_w.l

    ----------------------------------------------------------------------
       712         16          0          0          0        852   Library Totals

    ----------------------------------------------------------------------

==============================================================================


      Code (inc. data)   RO Data    RW Data    ZI Data      Debug   

     11204        366        268         48       1536     339093   Grand Totals
     11204        366        268         48       1536     339093   ELF Image Totals
     11204        366        268         48          0          0   ROM Totals

==============================================================================

    Total RO  Size (Code + RO Data)                11472 (  11.20kB)
    Total RW  Size (RW Data + ZI Data)              1584 (   1.55kB)
    Total ROM Size (Code + RO Data + RW Data)      11520 (  11.25kB)

==============================================================================

