<html>
<body>
<pre>
<h1>µVision Build Log</h1>
<h2>Project:</h2>
C:\Users\PTT\Documents\GitHub\RainbowNanoRed\Program\LAB_RNR_ADCtoPWM\ProjectNR\Program_STM32.uvproj
Project File Date:  09/04/2013

<h2>Output:</h2>
Rebuild target 'STM32F103C8T'
assembling startup_stm32f10x_md.s...
compiling system_stm32f10x.c...
compiling stm32f10x_rcc.c...
compiling stm32f10x_dma.c...
compiling stm32f10x_adc.c...
compiling stm32f10x_tim.c...
compiling stm32f10x_gpio.c...
compiling stm32f10x_usart.c...
compiling stm32f1_system.c...
compiling stm32f1_delay.c...
compiling stm32f1_adc.c...
compiling stm32f1_usart.c...
compiling experiment_stm32f1.c...
compiling module_rs232.c...
linking...
Program Size: Code=11204 RO-data=268 RW-data=48 ZI-data=1536  
".\Obj\STM32F103C8T.axf" - 0 Errors, 0 Warning(s).
